../Core/Src/main.c:73:6:delay	16	static
../Core/Src/main.c:77:6:HAL_TIM_PeriodElapsedCallback	16	static
../Core/Src/main.c:110:6:set_time	32	static
../Core/Src/main.c:139:6:get_time	40	static
../Core/Src/main.c:152:6:display_time	8	static
../Core/Src/main.c:160:6:WriteToEEPROM	8	static
../Core/Src/main.c:185:5:main	16	static
../Core/Src/main.c:329:6:SystemClock_Config	88	static
../Core/Src/main.c:377:13:MX_I2C1_Init	8	static
../Core/Src/main.c:411:13:MX_RTC_Init	8	static
../Core/Src/main.c:438:13:MX_TIM2_Init	32	static
../Core/Src/main.c:483:13:MX_GPIO_Init	48	static
../Core/Src/main.c:541:6:Error_Handler	4	static,ignoring_inline_asm
